Level 0 message: pass
	Level 1 message: pass
		Level 2 message: pass
			Level 3 message: pass
				Level 4 message: pass
***** Test cases: 2
***** Value errors: 0
***** Exception errors: 0
